{"level":"INFO","ts":"2023-10-27T14:09:56.105+0800","msg":"msg","key1":"1"}
{"level":"INFO","ts":"2023-10-27T14:09:56.129+0800","msg":"msg","key1":"2"}
{"level":"INFO","ts":"2023-10-27T14:09:56.129+0800","msg":"msg","key1":"2"}
{"level":"INFO","ts":"2023-10-27T14:09:56.129+0800","msg":"msg","key1":"1"}
{"level":"INFO","ts":"2023-10-27T14:09:56.130+0800","msg":"msg","key1":"2"}
{"level":"INFO","ts":"2023-10-27T14:09:56.130+0800","msg":"msg","key1":"1"}
{"level":"INFO","ts":"2023-10-27T14:09:56.130+0800","msg":"msg","key1":"1"}
{"level":"INFO","ts":"2023-10-27T14:09:56.131+0800","msg":"msg","key1":"1"}
{"level":"INFO","ts":"2023-10-27T14:09:56.131+0800","msg":"msg","key1":"1"}
{"level":"INFO","ts":"2023-10-27T14:09:56.132+0800","msg":"msg","key1":"1"}
{"level":"INFO","ts":"2023-10-27T14:09:56.133+0800","msg":"msg","key1":"1"}
{"level":"INFO","ts":"2023-10-27T14:09:56.136+0800","msg":"msg","key1":"1"}
{"level":"INFO","ts":"2023-10-27T14:09:56.136+0800","msg":"msg","key1":"2"}
{"level":"INFO","ts":"2023-10-27T14:09:56.138+0800","msg":"msg","key1":"1"}
{"level":"INFO","ts":"2023-10-27T14:09:56.143+0800","msg":"msg","key1":"2"}
{"level":"INFO","ts":"2023-10-27T14:09:56.146+0800","msg":"msg","key1":"2"}
{"level":"INFO","ts":"2023-10-27T14:09:56.148+0800","msg":"msg","key1":"2"}
{"level":"INFO","ts":"2023-10-27T14:09:56.149+0800","msg":"msg","key1":"2"}
{"level":"INFO","ts":"2023-10-27T14:09:56.150+0800","msg":"msg","key1":"2"}
